// Jest Snapshot v1, https://goo.gl/fbAQLP

exports[`initialState matches the current initialState snapshot 1`] = `
Object {
  "editor": Object {
    "editedIdea": null,
    "writingMode": false,
  },
  "ideas": Array [],
  "sortOption": null,
}
`;
