// Jest Snapshot v1, https://goo.gl/fbAQLP

exports[`App renders component and matches current snapshot 1`] = `<App />`;
